{"level":50,"time":1778011881966,"pid":22368,"hostname":"Innocentius","url":"http://localhost:3000/api/stations/67","method":"GET","msg":"API error","status":404,"duration":1,"error":"Station not found"}
{"level":50,"time":1778011884551,"pid":22368,"hostname":"Innocentius","url":"http://localhost:3000/api/stations/67","method":"GET","msg":"API error","status":404,"duration":1,"error":"Station not found"}
{"level":50,"time":1778011886002,"pid":22368,"hostname":"Innocentius","url":"http://localhost:3000/api/stations/67","method":"GET","msg":"API error","status":404,"duration":1,"error":"Station not found"}
{"level":50,"time":1778011887208,"pid":22368,"hostname":"Innocentius","url":"http://localhost:3000/api/stations/67","method":"GET","msg":"API error","status":404,"duration":0,"error":"Station not found"}
{"level":50,"time":1778011888374,"pid":22368,"hostname":"Innocentius","url":"http://localhost:3000/api/stations/67","method":"GET","msg":"API error","status":404,"duration":1,"error":"Station not found"}
{"level":50,"time":1778011889579,"pid":22368,"hostname":"Innocentius","url":"http://localhost:3000/api/stations/67","method":"GET","msg":"API error","status":404,"duration":0,"error":"Station not found"}
{"level":50,"time":1778011890762,"pid":22368,"hostname":"Innocentius","url":"http://localhost:3000/api/stations/67","method":"GET","msg":"API error","status":404,"duration":0,"error":"Station not found"}
{"level":50,"time":1778011892273,"pid":22368,"hostname":"Innocentius","url":"http://localhost:3000/api/stations/67","method":"GET","msg":"API error","status":404,"duration":0,"error":"Station not found"}
{"level":50,"time":1778011894885,"pid":22368,"hostname":"Innocentius","url":"http://localhost:3000/api/stations/67","method":"GET","msg":"API error","status":404,"duration":1,"error":"Station not found"}
{"level":50,"time":1778016250259,"pid":22368,"hostname":"Innocentius","requestId":"b4d7a609-4249-486e-bdb3-221af2a245f1","url":"http://localhost:3000/api/stations?page=1","method":"GET","msg":"API error","status":500,"duration":0,"error":"Cannot read properties of undefined (reading 'get')"}
{"level":50,"time":1778016250260,"pid":22368,"hostname":"Innocentius","requestId":"83ee2d1c-6338-4ce0-9c02-a88ef8b20926","url":"http://localhost:3000/api/stations?page=1","method":"GET","msg":"API error","status":500,"duration":0,"error":"Cannot read properties of undefined (reading 'get')"}
{"level":40,"time":1778016663803,"pid":22368,"hostname":"Innocentius","requestId":"e0688172-bb83-4c26-9ce5-0312151c01d7","url":"http://localhost:3000/api/stations/65","method":"GET","msg":"Client error","status":404,"duration":1,"error":"Station not found"}
{"level":40,"time":1778016666268,"pid":22368,"hostname":"Innocentius","requestId":"b60b8ae0-6967-4894-a27a-39729540091c","url":"http://localhost:3000/api/stations/65","method":"GET","msg":"Client error","status":404,"duration":0,"error":"Station not found"}
{"level":40,"time":1778016925126,"pid":22368,"hostname":"Innocentius","requestId":"c24a7181-ea70-4b8e-b245-61904628746a","url":"http://localhost:3000/api/analytics","method":"POST","msg":"Slow request","duration":1500}
{"level":40,"time":1778016925127,"pid":22368,"hostname":"Innocentius","requestId":"10b4400c-1f7c-4436-919a-2ff5363f4b9a","url":"http://localhost:3000/api/analytics","method":"POST","msg":"Slow request","duration":1600}
{"level":40,"time":1778016950590,"pid":22368,"hostname":"Innocentius","requestId":"d9613fd2-73dd-478a-b49d-c0a775842bf2","url":"http://localhost:3000/api/analytics","method":"POST","msg":"Slow request","duration":900}
{"level":40,"time":1778017038111,"pid":22368,"hostname":"Innocentius","requestId":"41a95a0d-35fd-45e8-b467-99012293cc0e","url":"http://localhost:3000/api/analytics","method":"POST","msg":"Slow request","duration":800}
{"level":40,"time":1778017039712,"pid":22368,"hostname":"Innocentius","requestId":"bc1739eb-393c-43ce-aa17-1eab1ee8867b","url":"http://localhost:3000/api/analytics","method":"POST","msg":"Slow request","duration":650}
{"level":40,"time":1778017039714,"pid":22368,"hostname":"Innocentius","requestId":"84db47b3-aefb-4313-bbfb-232cea9f7e3f","url":"http://localhost:3000/api/analytics","method":"POST","msg":"Slow request","duration":650}
{"level":40,"time":1778044531402,"pid":19892,"hostname":"Innocentius","requestId":"e2f0ea37-869f-48bc-9a59-17ec489d54cb","url":"http://localhost:3000/api/analytics","method":"POST","msg":"Slow request","duration":1300}
{"level":40,"time":1778044531404,"pid":19892,"hostname":"Innocentius","requestId":"ff158969-5df0-44a8-bd70-1228cc233b81","url":"http://localhost:3000/api/analytics","method":"POST","msg":"Slow request","duration":1300}
{"level":40,"time":1778044531408,"pid":19892,"hostname":"Innocentius","requestId":"0a7db7a4-5e33-463f-83f4-bbe120ffa8fc","url":"http://localhost:3000/api/analytics","method":"POST","msg":"Slow request","duration":1350}
{"level":40,"time":1778044531410,"pid":19892,"hostname":"Innocentius","requestId":"ef2eaa06-27df-4787-9311-ad5f1bfb8e06","url":"http://localhost:3000/api/analytics","method":"POST","msg":"Slow request","duration":1450}
{"level":40,"time":1778045984024,"pid":19892,"hostname":"Innocentius","requestId":"fdc60ba4-829d-4c35-b2b6-6a2f08e2a7c5","url":"http://localhost:3000/api/stations/16","method":"GET","msg":"Client error","status":404,"duration":1,"error":"Station not found"}
{"level":40,"time":1778045986302,"pid":19892,"hostname":"Innocentius","requestId":"3966bc87-26aa-4cb7-8a27-f77eb3cfea45","url":"http://localhost:3000/api/stations/16","method":"GET","msg":"Client error","status":404,"duration":0,"error":"Station not found"}
{"level":40,"time":1778045988098,"pid":19892,"hostname":"Innocentius","requestId":"4ad9573d-2b1d-4189-97e6-842eb1d99aa1","url":"http://localhost:3000/api/stations/16","method":"GET","msg":"Client error","status":404,"duration":1,"error":"Station not found"}
{"level":40,"time":1778045989699,"pid":19892,"hostname":"Innocentius","requestId":"55254e17-57b8-4ae6-ac69-9ca85e0e3cba","url":"http://localhost:3000/api/stations/16","method":"GET","msg":"Client error","status":404,"duration":0,"error":"Station not found"}
{"level":40,"time":1778045991891,"pid":19892,"hostname":"Innocentius","requestId":"d1f01284-72ac-4b76-a1db-ae31d8e36aed","url":"http://localhost:3000/api/stations/16","method":"GET","msg":"Client error","status":404,"duration":1,"error":"Station not found"}
{"level":40,"time":1778045993516,"pid":19892,"hostname":"Innocentius","requestId":"1af6e626-84a9-4936-8056-875b40b8b9a8","url":"http://localhost:3000/api/stations/16","method":"GET","msg":"Client error","status":404,"duration":1,"error":"Station not found"}
{"level":40,"time":1778045995499,"pid":19892,"hostname":"Innocentius","requestId":"c018a7ff-53f5-439d-bd6a-1cb24ffabbbb","url":"http://localhost:3000/api/stations/16","method":"GET","msg":"Client error","status":404,"duration":0,"error":"Station not found"}
{"level":40,"time":1778045995733,"pid":19892,"hostname":"Innocentius","requestId":"fae760be-0695-486c-9306-71797450aafa","url":"http://localhost:3000/api/stations/16","method":"GET","msg":"Client error","status":404,"duration":1,"error":"Station not found"}
{"level":40,"time":1778045997203,"pid":19892,"hostname":"Innocentius","requestId":"44d92df0-5727-4c29-90d7-76921a76ca52","url":"http://localhost:3000/api/stations/16","method":"GET","msg":"Client error","status":404,"duration":1,"error":"Station not found"}
{"level":40,"time":1778045999355,"pid":19892,"hostname":"Innocentius","requestId":"09842995-b319-478e-8d40-cfffcf73b036","url":"http://localhost:3000/api/stations/16","method":"GET","msg":"Client error","status":404,"duration":0,"error":"Station not found"}
{"level":40,"time":1778046000960,"pid":19892,"hostname":"Innocentius","requestId":"49cfece0-16d9-4f93-85a8-d755d0284ed3","url":"http://localhost:3000/api/stations/16","method":"GET","msg":"Client error","status":404,"duration":1,"error":"Station not found"}
{"level":40,"time":1778046002861,"pid":19892,"hostname":"Innocentius","requestId":"adc51335-fa34-4467-8b84-c830b325bbff","url":"http://localhost:3000/api/stations/16","method":"GET","msg":"Client error","status":404,"duration":1,"error":"Station not found"}
{"level":40,"time":1778046004690,"pid":19892,"hostname":"Innocentius","requestId":"4518bbf9-05f6-448b-b623-43be33d823b1","url":"http://localhost:3000/api/stations/16","method":"GET","msg":"Client error","status":404,"duration":1,"error":"Station not found"}
{"level":50,"time":1778046059433,"pid":19892,"hostname":"Innocentius","requestId":"5f8b475b-a183-4913-ac52-a2151c0a938e","url":"http://localhost:3000/api/stations?page=1","method":"GET","msg":"Server error","status":500,"duration":1,"error":"Cannot read properties of undefined (reading 'get')"}
{"level":40,"time":1778047018545,"pid":26524,"hostname":"Innocentius","requestId":"f4154967-096f-401d-9d60-6d2cb29b5105","url":"http://localhost:3000/api/measurements/new","method":"GET","msg":"Slow request","duration":800}
{"level":40,"time":1778047018561,"pid":26524,"hostname":"Innocentius","requestId":"8f81caf8-4204-4500-af59-bb73641a3da1","url":"http://localhost:3000/api/measurements/new","method":"GET","msg":"Slow request","duration":800}
{"level":40,"time":1778047018771,"pid":26524,"hostname":"Innocentius","requestId":"d2db2957-1501-489e-a175-41a03ca006f4","url":"http://localhost:3000/api/analytics","method":"POST","msg":"Slow request","duration":12300}
{"level":40,"time":1778047018773,"pid":26524,"hostname":"Innocentius","requestId":"2817c113-09e5-4c07-9571-2400a83496e2","url":"http://localhost:3000/api/analytics","method":"POST","msg":"Slow request","duration":12300}
{"level":40,"time":1778047018777,"pid":26524,"hostname":"Innocentius","requestId":"f7f6ba38-5145-4f3c-b1ed-801a46457d5d","url":"http://localhost:3000/api/analytics","method":"POST","msg":"Slow request","duration":12400}
{"level":50,"time":1778047019968,"pid":26524,"hostname":"Innocentius","requestId":"fe4d88ea-5741-4485-9650-378bf26413b7","url":"http://localhost:3000/api/stations?page=1","method":"GET","msg":"Server error","status":500,"duration":1,"error":"Cannot read properties of undefined (reading 'get')"}
{"level":40,"time":1778047046461,"pid":26524,"hostname":"Innocentius","requestId":"023809d5-312a-4d3b-ac8e-06d79f6be6b1","url":"http://localhost:3000/api/analytics","method":"POST","msg":"Slow request","duration":3700}
{"level":40,"time":1778047047286,"pid":26524,"hostname":"Innocentius","requestId":"9b09d9a4-2b9f-4f87-9c7c-1feabf5ccb45","url":"http://localhost:3000/api/stations/66","method":"GET","msg":"Client error","status":404,"duration":1,"error":"Station not found"}
{"level":40,"time":1778047047288,"pid":26524,"hostname":"Innocentius","requestId":"c667f385-12c1-403f-9d67-112c2fe99e73","url":"http://localhost:3000/api/stations/43","method":"GET","msg":"Client error","status":404,"duration":2,"error":"Station not found"}
{"level":40,"time":1778175265783,"pid":24628,"hostname":"Innocentius","requestId":"7f05aca8-fbd2-4da8-afbb-abfaf690df3c","url":"http://localhost:3000/api/analytics","method":"POST","msg":"Slow request","duration":2050}
{"level":40,"time":1778175265785,"pid":24628,"hostname":"Innocentius","requestId":"3136cd12-0e25-4986-9acd-a5fd703dce29","url":"http://localhost:3000/api/analytics","method":"POST","msg":"Slow request","duration":2150}
{"level":40,"time":1778175265787,"pid":24628,"hostname":"Innocentius","requestId":"7d14a4cc-2707-4526-b958-37b9ce33e008","url":"http://localhost:3000/api/analytics","method":"POST","msg":"Slow request","duration":2050}
{"level":40,"time":1778176785776,"pid":24628,"hostname":"Innocentius","requestId":"85674d8b-d37e-4335-aa56-f761d5a0a4cf","url":"http://localhost:3000/api/analytics","method":"POST","msg":"Slow request","duration":800}
{"level":40,"time":1778176785777,"pid":24628,"hostname":"Innocentius","requestId":"be314dbb-4077-4a65-9d78-ae04b08d6041","url":"http://localhost:3000/api/analytics","method":"POST","msg":"Slow request","duration":850}
{"level":40,"time":1778176785779,"pid":24628,"hostname":"Innocentius","requestId":"0c5155b3-25f9-4cb9-a1ad-1d6efc8cc0e8","url":"http://localhost:3000/api/analytics","method":"POST","msg":"Slow request","duration":900}
{"level":40,"time":1778176785780,"pid":24628,"hostname":"Innocentius","requestId":"94c92573-f467-4a03-95e5-3730c3437612","url":"http://localhost:3000/api/analytics","method":"POST","msg":"Slow request","duration":900}
{"level":40,"time":1778176954542,"pid":24628,"hostname":"Innocentius","requestId":"bbc4a136-c02f-4a0b-ad97-3452f1fafebc","url":"http://localhost:3000/api/analytics","method":"POST","msg":"Slow request","duration":1250}
{"level":40,"time":1778176954544,"pid":24628,"hostname":"Innocentius","requestId":"cb2d1f2e-df73-4cb3-aa8c-364b6de45a8e","url":"http://localhost:3000/api/analytics","method":"POST","msg":"Slow request","duration":1300}
{"level":40,"time":1778176954547,"pid":24628,"hostname":"Innocentius","requestId":"43b9ee46-349d-4a62-8d24-92d29ff32d16","url":"http://localhost:3000/api/analytics","method":"POST","msg":"Slow request","duration":1350}
{"level":40,"time":1778176954553,"pid":24628,"hostname":"Innocentius","requestId":"5ff5bb37-1490-46b1-821f-2d004cacb4c3","url":"http://localhost:3000/api/analytics","method":"POST","msg":"Slow request","duration":1450}
{"level":40,"time":1778177032209,"pid":24628,"hostname":"Innocentius","requestId":"744ec1b8-4760-48db-abbb-8da48e35ea6f","url":"http://localhost:3000/api/analytics","method":"POST","msg":"Slow request","duration":750}
{"level":40,"time":1778177032211,"pid":24628,"hostname":"Innocentius","requestId":"71e04076-dd26-4748-ac03-bfab83fd95f2","url":"http://localhost:3000/api/analytics","method":"POST","msg":"Slow request","duration":800}
{"level":40,"time":1778177032212,"pid":24628,"hostname":"Innocentius","requestId":"9408e5d7-2ec5-4215-b33b-36a49eeb272d","url":"http://localhost:3000/api/analytics","method":"POST","msg":"Slow request","duration":800}
{"level":40,"time":1778177032214,"pid":24628,"hostname":"Innocentius","requestId":"00fbc49b-03c3-490b-9e6b-247db5a595e2","url":"http://localhost:3000/api/analytics","method":"POST","msg":"Slow request","duration":850}
{"level":40,"time":1778177332614,"pid":24628,"hostname":"Innocentius","requestId":"f882b94e-2677-4d9d-97a3-1054b58f81bc","url":"http://localhost:3000/api/analytics","method":"POST","msg":"Slow request","duration":900}
{"level":40,"time":1778177332617,"pid":24628,"hostname":"Innocentius","requestId":"c3a26246-1e6f-4032-b05f-246d309740d7","url":"http://localhost:3000/api/analytics","method":"POST","msg":"Slow request","duration":900}
{"level":40,"time":1778177332620,"pid":24628,"hostname":"Innocentius","requestId":"61672d83-bb34-4d70-8a62-ec3d76d000ed","url":"http://localhost:3000/api/analytics","method":"POST","msg":"Slow request","duration":1000}
{"level":40,"time":1778177645176,"pid":24628,"hostname":"Innocentius","requestId":"0c4143f6-4310-48b1-841b-d2ae90274ff9","url":"http://localhost:3000/api/analytics","method":"POST","msg":"Slow request","duration":1600}
{"level":40,"time":1778177645179,"pid":24628,"hostname":"Innocentius","requestId":"ae49b91c-58b5-4a62-ba53-f5114e1c802b","url":"http://localhost:3000/api/analytics","method":"POST","msg":"Slow request","duration":1700}
{"level":40,"time":1778177645182,"pid":24628,"hostname":"Innocentius","requestId":"a3196ca6-2cc8-4017-a5b9-3291918640f9","url":"http://localhost:3000/api/analytics","method":"POST","msg":"Slow request","duration":1700}
{"level":40,"time":1778177674587,"pid":24628,"hostname":"Innocentius","requestId":"0cce27db-748f-4406-8360-d635d8f35073","url":"http://localhost:3000/api/analytics","method":"POST","msg":"Slow request","duration":550}
{"level":40,"time":1778179941777,"pid":24628,"hostname":"Innocentius","requestId":"8bb8c864-cc82-43ee-8586-5f34b3ebea40","url":"http://localhost:3000/api/analytics","method":"POST","msg":"Slow request","duration":900}
{"level":40,"time":1778179941779,"pid":24628,"hostname":"Innocentius","requestId":"5c36cc32-35d5-45a4-94b1-97264307e73b","url":"http://localhost:3000/api/analytics","method":"POST","msg":"Slow request","duration":950}
{"level":40,"time":1778348102544,"pid":30008,"hostname":"Innocentius","requestId":"f2a848de-3373-4189-8d27-d6f294acefcf","url":"http://localhost:3000/api/analytics","method":"POST","msg":"Slow request","duration":1250}
{"level":40,"time":1778348102547,"pid":30008,"hostname":"Innocentius","requestId":"5cb9e446-6470-447a-925a-28ac8c2dbb7a","url":"http://localhost:3000/api/analytics","method":"POST","msg":"Slow request","duration":1200}
{"level":40,"time":1778348102549,"pid":30008,"hostname":"Innocentius","requestId":"a0a1a1e5-7e2b-4693-a096-f2ad7a9ee5e2","url":"http://localhost:3000/api/analytics","method":"POST","msg":"Slow request","duration":1300}
{"level":40,"time":1778349052338,"pid":24896,"hostname":"Innocentius","requestId":"da12b08c-9470-405d-9cee-0616cb3f03b5","url":"http://localhost:3000/api/measurements/new","method":"GET","msg":"Slow request","duration":550}
{"level":40,"time":1778349052360,"pid":24896,"hostname":"Innocentius","requestId":"43519e25-3e59-4f89-a574-c343c62b8b6c","url":"http://localhost:3000/api/analytics","method":"POST","msg":"Slow request","duration":1450}
{"level":40,"time":1778349052364,"pid":24896,"hostname":"Innocentius","requestId":"7851eaf3-6dbd-4294-9e54-90dc0c8397d3","url":"http://localhost:3000/api/analytics","method":"POST","msg":"Slow request","duration":1450}
{"level":40,"time":1778349052367,"pid":24896,"hostname":"Innocentius","requestId":"25516f66-ead2-42ca-a467-326739ce8f3a","url":"http://localhost:3000/api/analytics","method":"POST","msg":"Slow request","duration":1500}
{"level":40,"time":1778350011058,"pid":29960,"hostname":"Innocentius","requestId":"7228c66b-68b5-438f-92c2-429f2e952949","url":"http://localhost:3000/api/analytics","method":"POST","msg":"Slow request","duration":1300}
{"level":40,"time":1778350011060,"pid":29960,"hostname":"Innocentius","requestId":"12fd3e8b-5c5d-4d64-8758-9624945949a7","url":"http://localhost:3000/api/analytics","method":"POST","msg":"Slow request","duration":1250}
{"level":40,"time":1778350011062,"pid":29960,"hostname":"Innocentius","requestId":"904b5fad-5524-464c-acfa-b1e5100b525d","url":"http://localhost:3000/api/analytics","method":"POST","msg":"Slow request","duration":1300}
{"level":40,"time":1778350608060,"pid":25972,"hostname":"Innocentius","requestId":"8b1546c0-f4f4-41bf-a5dd-bd0f2b3866c2","url":"http://localhost:3000/api/analytics","method":"POST","msg":"Slow request","duration":550}
{"level":40,"time":1778350608062,"pid":25972,"hostname":"Innocentius","requestId":"503dc4b7-2508-4cce-b160-52ae8079267a","url":"http://localhost:3000/api/analytics","method":"POST","msg":"Slow request","duration":600}
{"level":40,"time":1778350608064,"pid":25972,"hostname":"Innocentius","requestId":"2ac89fc7-1dc7-4cd8-9fa1-c647247c0627","url":"http://localhost:3000/api/analytics","method":"POST","msg":"Slow request","duration":600}
{"level":40,"time":1778352050559,"pid":14276,"hostname":"Innocentius","requestId":"924239a8-46d5-4438-b48e-fa28438fe6f5","url":"http://localhost:3000/api/analytics","method":"POST","msg":"Slow request","duration":1350}
{"level":40,"time":1778352050562,"pid":14276,"hostname":"Innocentius","requestId":"4d568057-4d55-44a0-b7d5-d191e32e6bee","url":"http://localhost:3000/api/analytics","method":"POST","msg":"Slow request","duration":1350}
{"level":40,"time":1778352050564,"pid":14276,"hostname":"Innocentius","requestId":"283b6e7a-ef93-4162-87d8-1c7ee9950592","url":"http://localhost:3000/api/analytics","method":"POST","msg":"Slow request","duration":1350}
